
20. Executing CHECK pass (checking for obvious problems).
Checking module tbs_core_board...
Checking module priority_encoder_3_3...
Checking module uart_tx_9_8...
Checking module uart_rx_9_8...
Checking module spike_shift_reg_19_18...
Checking module weyls_discrepancy_8_3_6...
Checking module sync_chain_2_1...
Checking module debouncer_16_65536...
Checking module sync_chain_2_2...
Checking module spike_detector...
Checking module adaptive_threshold_control_19_18_8_8_255_0_3_2...
Checking module dac_control_8_8_1_80...
Checking module dac_control_8_8_0_80...
Checking module pwm_modulator_8_256...
Checking module analog_trig_8...
Checking module sc_noc_generator_11...
Checking module time_measurement_18_262144...
Checking module spike_encoder_18_19...
Checking module spike_memory_19_7...
Checking module memory2uart_19_8...
Checking module uart_9_8...
Checking module tbs_core_8000000_20_800000_16_65536_2_2_255_0_2_2_3_8_18_262144_80_8_8_256_8_160_11_2048_7_19_9_417_8...
Checking module spike_2_thermocode_6...
Found and reported 0 problems.
