#-----------------------------------------------------------
# Vivado v2024.1 (64-bit)
# SW Build 5076996 on Wed May 22 18:37:14 MDT 2024
# IP Build 5075265 on Wed May 22 21:45:21 MDT 2024
# SharedData Build 5076995 on Wed May 22 18:29:18 MDT 2024
# Start of session at: Wed Dec 17 23:01:11 2025
# Process ID: 29936
# Current directory: C:/Users/si150/eda/designs/gf180mcu-jku-atbs-adc/macros/tbs_core_board/vhdl/vivado/tbs_core_board
# Command line: vivado.exe -gui_launcher_event rodinguilauncherevent27820 C:\Users\si150\eda\designs\gf180mcu-jku-atbs-adc\macros\tbs_core_board\vhdl\vivado\tbs_core_board\tbs_core_board.xpr
# Log file: C:/Users/si150/eda/designs/gf180mcu-jku-atbs-adc/macros/tbs_core_board/vhdl/vivado/tbs_core_board/vivado.log
# Journal file: C:/Users/si150/eda/designs/gf180mcu-jku-atbs-adc/macros/tbs_core_board/vhdl/vivado/tbs_core_board\vivado.jou
# Running On        :SimiBook
# Platform          :Windows Server 2016 or Windows 10
# Operating System  :26200
# Processor Detail  :AMD Ryzen 7 5700U with Radeon Graphics         
# CPU Frequency     :1797 MHz
# CPU Physical cores:8
# CPU Logical cores :16
# Host memory       :16458 MB
# Swap memory       :19327 MB
# Total Virtual     :35785 MB
# Available Virtual :13952 MB
#-----------------------------------------------------------
start_gui
open_project C:/Users/si150/eda/designs/gf180mcu-jku-atbs-adc/macros/tbs_core_board/vhdl/vivado/tbs_core_board/tbs_core_board.xpr
update_compile_order -fileset sources_1
