------------------------------------------------------------
Timing Analyzer Summary
------------------------------------------------------------

Type  : Slow 1100mV 85C Model Setup 'clock_i'
Slack : 15.861
TNS   : 0.000

Type  : Slow 1100mV 85C Model Hold 'clock_i'
Slack : 0.377
TNS   : 0.000

Type  : Slow 1100mV 85C Model Minimum Pulse Width 'clock_i'
Slack : 9.394
TNS   : 0.000

Type  : Slow 1100mV 0C Model Setup 'clock_i'
Slack : 15.787
TNS   : 0.000

Type  : Slow 1100mV 0C Model Hold 'clock_i'
Slack : 0.391
TNS   : 0.000

Type  : Slow 1100mV 0C Model Minimum Pulse Width 'clock_i'
Slack : 9.315
TNS   : 0.000

Type  : Fast 1100mV 85C Model Setup 'clock_i'
Slack : 17.720
TNS   : 0.000

Type  : Fast 1100mV 85C Model Hold 'clock_i'
Slack : 0.182
TNS   : 0.000

Type  : Fast 1100mV 85C Model Minimum Pulse Width 'clock_i'
Slack : 9.418
TNS   : 0.000

Type  : Fast 1100mV 0C Model Setup 'clock_i'
Slack : 17.862
TNS   : 0.000

Type  : Fast 1100mV 0C Model Hold 'clock_i'
Slack : 0.174
TNS   : 0.000

Type  : Fast 1100mV 0C Model Minimum Pulse Width 'clock_i'
Slack : 9.419
TNS   : 0.000

------------------------------------------------------------
