Copyright 1986-2022 Xilinx, Inc. All Rights Reserved. Copyright 2022-2024 Advanced Micro Devices, Inc. All Rights Reserved.
---------------------------------------------------------------------------------------------------------------------------------------------
| Tool Version : Vivado v.2024.1 (win64) Build 5076996 Wed May 22 18:37:14 MDT 2024
| Date         : Wed Dec 17 17:29:42 2025
| Host         : SimiBook running 64-bit major release  (build 9200)
| Command      : report_control_sets -verbose -file tbs_core_board_control_sets_placed.rpt
| Design       : tbs_core_board
| Device       : xc7s25
---------------------------------------------------------------------------------------------------------------------------------------------

Control Set Information

Table of Contents
-----------------
1. Summary
2. Histogram
3. Flip-Flop Distribution
4. Detailed Control Set Information

1. Summary
----------

+----------------------------------------------------------+-------+
|                          Status                          | Count |
+----------------------------------------------------------+-------+
| Total control sets                                       |    31 |
|    Minimum number of control sets                        |    31 |
|    Addition due to synthesis replication                 |     0 |
|    Addition due to physical synthesis replication        |     0 |
| Unused register locations in slices containing registers |   122 |
+----------------------------------------------------------+-------+
* Control sets can be merged at opt_design using control_set_merge or merge_equivalent_drivers
** Run report_qor_suggestions for automated merging and remapping suggestions


2. Histogram
------------

+--------------------+-------+
|       Fanout       | Count |
+--------------------+-------+
| Total control sets |    31 |
| >= 0 to < 4        |     6 |
| >= 4 to < 6        |     3 |
| >= 6 to < 8        |     2 |
| >= 8 to < 10       |     8 |
| >= 10 to < 12      |     1 |
| >= 12 to < 14      |     1 |
| >= 14 to < 16      |     0 |
| >= 16              |    10 |
+--------------------+-------+
* Control sets can be remapped at either synth_design or opt_design


3. Flip-Flop Distribution
-------------------------

+--------------+-----------------------+------------------------+-----------------+--------------+
| Clock Enable | Synchronous Set/Reset | Asynchronous Set/Reset | Total Registers | Total Slices |
+--------------+-----------------------+------------------------+-----------------+--------------+
| No           | No                    | No                     |               0 |            0 |
| No           | No                    | Yes                    |             350 |          141 |
| No           | Yes                   | No                     |               0 |            0 |
| Yes          | No                    | No                     |               0 |            0 |
| Yes          | No                    | Yes                    |            2936 |          776 |
| Yes          | Yes                   | No                     |               0 |            0 |
+--------------+-----------------------+------------------------+-----------------+--------------+


4. Detailed Control Set Information
-----------------------------------

+--------------------+------------------------------------------------------------------+--------------------------------------+------------------+----------------+--------------+
|    Clock Signal    |                           Enable Signal                          |           Set/Reset Signal           | Slice Load Count | Bel Load Count | Bels / Slice |
+--------------------+------------------------------------------------------------------+--------------------------------------+------------------+----------------+--------------+
|  clock_i_IBUF_BUFG |                                                                  | tbs_core_0/sync_chain_0/n67          |                1 |              1 |         1.00 |
|  clock_i_IBUF_BUFG | tbs_core_0/spike_memory_0/n433                                   | tbs_core_0/sync_chain_0/n1109_reg[0] |                1 |              1 |         1.00 |
|  clock_i_IBUF_BUFG | tbs_core_0/spike_memory_0/n431                                   | tbs_core_0/sync_chain_0/n1109_reg[0] |                1 |              1 |         1.00 |
|  clock_i_IBUF_BUFG | tbs_core_0/n442                                                  | tbs_core_0/sync_chain_0/n1109_reg[0] |                1 |              1 |         1.00 |
|  clock_i_IBUF_BUFG | tbs_core_0/debouncer_2/n429                                      | tbs_core_0/sync_chain_0/n1109_reg[0] |                1 |              1 |         1.00 |
|  clock_i_IBUF_BUFG |                                                                  | tbs_core_0/sync_chain_0/reset_n_i[0] |                1 |              2 |         2.00 |
|  clock_i_IBUF_BUFG | tbs_core_0/uart_0/uart_rx_0/n11140                               | tbs_core_0/sync_chain_0/n1109_reg[0] |                2 |              4 |         2.00 |
|  clock_i_IBUF_BUFG | tbs_core_0/uart_0/uart_rx_0/n1121_reg_0[0]                       | tbs_core_0/sync_chain_0/n1109_reg[0] |                2 |              5 |         2.50 |
|  clock_i_IBUF_BUFG | tbs_core_0/uart_0/uart_rx_0/n1117_reg_0[0]                       | tbs_core_0/sync_chain_0/n1109_reg[0] |                3 |              5 |         1.67 |
|  clock_i_IBUF_BUFG | tbs_core_0/spike_memory_0/n2153__0[0]                            | tbs_core_0/sync_chain_0/AR[0]        |                2 |              7 |         3.50 |
|  clock_i_IBUF_BUFG | tbs_core_0/uart_0/uart_rx_0/n3050_reg[2]_1[0]                    | tbs_core_0/sync_chain_0/n1109_reg[0] |                2 |              7 |         3.50 |
|  clock_i_IBUF_BUFG | tbs_core_0/spike_memory_0/n2160_reg[3]_0[1]                      | tbs_core_0/sync_chain_0/AR[0]        |                5 |              8 |         1.60 |
|  clock_i_IBUF_BUFG | tbs_core_0/adaptive_ctrl_0/weyls_discrepancy_0/E[0]              | tbs_core_0/sync_chain_0/AR[0]        |                3 |              8 |         2.67 |
|  clock_i_IBUF_BUFG | tbs_core_0/adaptive_ctrl_0/weyls_discrepancy_0/n2855_reg[1]_0[0] | tbs_core_0/sync_chain_0/AR[0]        |                2 |              8 |         4.00 |
|  clock_i_IBUF_BUFG | tbs_core_0/dac_control_0/n1548[0]                                | tbs_core_0/sync_chain_0/AR[0]        |                3 |              8 |         2.67 |
|  clock_i_IBUF_BUFG | tbs_core_0/adaptive_ctrl_0/n1493_reg_1[0]                        | tbs_core_0/sync_chain_0/AR[0]        |                3 |              9 |         3.00 |
|  clock_i_IBUF_BUFG | tbs_core_0/adaptive_ctrl_0/n1493_reg_0[0]                        | tbs_core_0/sync_chain_0/AR[0]        |                3 |              9 |         3.00 |
|  clock_i_IBUF_BUFG | tbs_core_0/uart_0/uart_rx_0/n1126_reg[2]_3[0]                    | tbs_core_0/sync_chain_0/AR[0]        |                3 |              9 |         3.00 |
|  clock_i_IBUF_BUFG | tbs_core_0/uart_0/uart_rx_0/n1126_reg[2]_2[0]                    | tbs_core_0/sync_chain_0/AR[0]        |                3 |              9 |         3.00 |
|  clock_i_IBUF_BUFG | tbs_core_0/uart_0/uart_rx_0/n3051_reg_0[0]                       | tbs_core_0/sync_chain_0/n1109_reg[0] |                4 |             10 |         2.50 |
|  clock_i_IBUF_BUFG | tbs_core_0/uart_0/uart_rx_0/n1121_reg[0]                         | tbs_core_0/sync_chain_0/n1109_reg[0] |                4 |             12 |         3.00 |
|  clock_i_IBUF_BUFG | tbs_core_0/spike_memory_0/n2160_reg[3]_0[0]                      | tbs_core_0/sync_chain_0/AR[0]        |                4 |             16 |         4.00 |
|  clock_i_IBUF_BUFG | tbs_core_0/time_measurement_0/E[0]                               | tbs_core_0/sync_chain_0/AR[0]        |                7 |             16 |         2.29 |
|  clock_i_IBUF_BUFG |                                                                  | tbs_core_0/sync_chain_0/n213         |                6 |             19 |         3.17 |
|  clock_i_IBUF_BUFG | tbs_core_0/time_measurement_0/n1878_reg_1[0]                     | tbs_core_0/sync_chain_0/AR[0]        |                7 |             19 |         2.71 |
|  clock_i_IBUF_BUFG | tbs_core_0/spike_encoder_0/n1107_reg[0]                          | tbs_core_0/sync_chain_0/AR[0]        |                9 |             26 |         2.89 |
|  clock_i_IBUF_BUFG | tbs_core_0/debouncer_2/E[0]                                      | tbs_core_0/sync_chain_0/AR[0]        |                9 |             35 |         3.89 |
|  clock_i_IBUF_BUFG |                                                                  | tbs_core_0/sync_chain_0/AR[0]        |               63 |            131 |         2.08 |
|  clock_i_IBUF_BUFG |                                                                  | tbs_core_0/sync_chain_0/n1109_reg[0] |               70 |            197 |         2.81 |
|  clock_i_IBUF_BUFG | tbs_core_0/adaptive_ctrl_0/spike_shift_reg_0/E[0]                | tbs_core_0/sync_chain_0/AR[0]        |               85 |            270 |         3.18 |
|  clock_i_IBUF_BUFG | tbs_core_0/spike_memory_0/n2157                                  | tbs_core_0/sync_chain_0/AR[0]        |              607 |           2432 |         4.01 |
+--------------------+------------------------------------------------------------------+--------------------------------------+------------------+----------------+--------------+


