------------------------------------------------------------
Timing Analyzer Summary
------------------------------------------------------------

Type  : Slow 1100mV 85C Model Setup 'clock_i'
Slack : 5.256
TNS   : 0.000

Type  : Slow 1100mV 85C Model Hold 'clock_i'
Slack : 0.232
TNS   : 0.000

Type  : Slow 1100mV 85C Model Recovery 'clock_i'
Slack : 9.408
TNS   : 0.000

Type  : Slow 1100mV 85C Model Removal 'clock_i'
Slack : 0.563
TNS   : 0.000

Type  : Slow 1100mV 85C Model Minimum Pulse Width 'clock_i'
Slack : 9.216
TNS   : 0.000

Type  : Slow 1100mV 0C Model Setup 'clock_i'
Slack : 5.264
TNS   : 0.000

Type  : Slow 1100mV 0C Model Hold 'clock_i'
Slack : 0.214
TNS   : 0.000

Type  : Slow 1100mV 0C Model Recovery 'clock_i'
Slack : 9.630
TNS   : 0.000

Type  : Slow 1100mV 0C Model Removal 'clock_i'
Slack : 0.514
TNS   : 0.000

Type  : Slow 1100mV 0C Model Minimum Pulse Width 'clock_i'
Slack : 9.277
TNS   : 0.000

Type  : Fast 1100mV 85C Model Setup 'clock_i'
Slack : 11.328
TNS   : 0.000

Type  : Fast 1100mV 85C Model Hold 'clock_i'
Slack : 0.140
TNS   : 0.000

Type  : Fast 1100mV 85C Model Recovery 'clock_i'
Slack : 13.703
TNS   : 0.000

Type  : Fast 1100mV 85C Model Removal 'clock_i'
Slack : 0.298
TNS   : 0.000

Type  : Fast 1100mV 85C Model Minimum Pulse Width 'clock_i'
Slack : 9.099
TNS   : 0.000

Type  : Fast 1100mV 0C Model Setup 'clock_i'
Slack : 12.037
TNS   : 0.000

Type  : Fast 1100mV 0C Model Hold 'clock_i'
Slack : 0.126
TNS   : 0.000

Type  : Fast 1100mV 0C Model Recovery 'clock_i'
Slack : 14.135
TNS   : 0.000

Type  : Fast 1100mV 0C Model Removal 'clock_i'
Slack : 0.268
TNS   : 0.000

Type  : Fast 1100mV 0C Model Minimum Pulse Width 'clock_i'
Slack : 9.061
TNS   : 0.000

------------------------------------------------------------
